[Sun 08/09/2026 19:32:17.15] launch requested 
[Sun 08/09/2026 19:32:17.27] starting pythonw 
[Tue 08/11/2026 19:47:59.32] launch requested 
[Tue 08/11/2026 19:47:59.48] starting pythonw 
[Tue 08/11/2026 19:59:50.50] launch requested 
[Tue 08/11/2026 19:59:50.63] starting pythonw 
[Tue 08/11/2026 20:07:29.86] launch requested 
[Tue 08/11/2026 20:07:29.99] starting pythonw 
[Tue 08/11/2026 20:26:52.00] launch requested 
[Tue 08/11/2026 20:26:52.13] starting pythonw 
[Tue 08/11/2026 20:37:44.96] launch requested 
[Tue 08/11/2026 20:37:45.09] starting pythonw 
[Tue 08/11/2026 21:11:57.57] launch requested 
[Tue 08/11/2026 21:11:57.71] starting pythonw 
[Tue 08/11/2026 21:14:30.97] launch requested 
[Tue 08/11/2026 21:14:31.10] starting pythonw 
[Tue 08/11/2026 21:38:03.44] launch requested 
[Tue 08/11/2026 21:38:03.57] starting pythonw 
[Tue 08/11/2026 22:05:13.23] launch requested 
[Tue 08/11/2026 22:05:13.36] starting pythonw 
[Wed 08/12/2026 16:52:02.57] launch requested 
[Wed 08/12/2026 16:52:03.58] starting pythonw 
[Wed 08/12/2026 17:16:39.14] launch requested 
[Wed 08/12/2026 17:16:39.28] starting pythonw 
[Wed 08/12/2026 20:26:17.99] launch requested 
[Wed 08/12/2026 20:26:18.13] starting pythonw 
[Thu 08/13/2026 17:50:31.45] launch requested 
[Thu 08/13/2026 17:50:32.36] starting pythonw 
[Thu 08/13/2026 18:17:14.95] launch requested 
[Thu 08/13/2026 18:17:15.08] starting pythonw 
[Fri 08/14/2026 18:28:25.89] launch requested 
[Fri 08/14/2026 18:28:26.06] starting pythonw 
[Fri 08/14/2026 19:15:27.03] launch requested 
[Fri 08/14/2026 19:15:27.18] starting pythonw 
[Fri 08/14/2026 20:24:23.05] launch requested 
[Fri 08/14/2026 20:24:23.19] starting pythonw 
[Fri 08/14/2026 20:39:06.87] launch requested 
[Fri 08/14/2026 20:39:07.00] starting pythonw 
[Fri 08/14/2026 20:45:28.38] launch requested 
[Fri 08/14/2026 20:45:28.51] starting pythonw 
[Fri 08/14/2026 21:54:28.56] launch requested 
[Fri 08/14/2026 21:54:28.71] starting pythonw 
[Fri 08/14/2026 22:06:19.40] launch requested 
[Fri 08/14/2026 22:06:19.57] starting pythonw 
[Fri 08/14/2026 22:15:11.26] launch requested 
[Fri 08/14/2026 22:15:11.40] starting pythonw 
[Fri 08/14/2026 22:23:33.19] launch requested 
[Fri 08/14/2026 22:23:33.34] starting pythonw 
[Fri 08/14/2026 22:26:25.57] launch requested 
[Fri 08/14/2026 22:26:25.71] starting pythonw 
[Fri 08/14/2026 22:33:42.52] launch requested 
[Fri 08/14/2026 22:33:42.66] starting pythonw 
